🚀 Médico 360 iniciando [development]
INFO:     127.0.0.1:55662 - "GET /api/v1/calculators HTTP/1.1" 401 Unauthorized
2026-07-01 16:09:44,521 INFO sqlalchemy.engine.Engine select pg_catalog.version()
2026-07-01 16:09:44,523 INFO sqlalchemy.engine.Engine [raw sql] ()
2026-07-01 16:09:45,349 INFO sqlalchemy.engine.Engine select current_schema()
2026-07-01 16:09:45,353 INFO sqlalchemy.engine.Engine [raw sql] ()
2026-07-01 16:09:46,178 INFO sqlalchemy.engine.Engine show standard_conforming_strings
2026-07-01 16:09:46,180 INFO sqlalchemy.engine.Engine [raw sql] ()
2026-07-01 16:09:46,796 INFO sqlalchemy.engine.Engine BEGIN (implicit)
2026-07-01 16:09:46,873 INFO sqlalchemy.engine.Engine SELECT users.id, users.phone_number, users.company_id, users.email, users.name, users.crm, users.crm_state, users.role, users.med_status, users.specialty, users.enrollment_date, users.onboarding_complete, users.status, users.legacy_user_id, users.createdat, users.updatedat 
FROM users 
WHERE users.id = $1::UUID AND users.status = true
2026-07-01 16:09:46,874 INFO sqlalchemy.engine.Engine [generated in 0.00108s] (UUID('a66a14cb-7996-4f26-b203-be08028ab8b4'),)
2026-07-01 16:09:47,498 INFO sqlalchemy.engine.Engine COMMIT
INFO:     127.0.0.1:52877 - "GET /api/v1/auth/me HTTP/1.1" 200 OK
2026-07-01 16:09:48,868 INFO sqlalchemy.engine.Engine BEGIN (implicit)
2026-07-01 16:09:48,872 INFO sqlalchemy.engine.Engine SELECT users.id, users.phone_number, users.company_id, users.email, users.name, users.crm, users.crm_state, users.role, users.med_status, users.specialty, users.enrollment_date, users.onboarding_complete, users.status, users.legacy_user_id, users.createdat, users.updatedat 
FROM users 
WHERE users.id = $1::UUID AND users.status = true
2026-07-01 16:09:48,872 INFO sqlalchemy.engine.Engine [cached since 2s ago] (UUID('a66a14cb-7996-4f26-b203-be08028ab8b4'),)
2026-07-01 16:09:49,300 INFO sqlalchemy.engine.Engine SELECT calculators.calculator_definitions.id, calculators.calculator_definitions.specialty_id, calculators.calculator_definitions.slug, calculators.calculator_definitions.name, calculators.calculator_definitions.description, calculators.calculator_definitions.engine_type, calculators.calculator_definitions.status, calculators.calculator_definitions.createdat, calculators.calculator_definitions.updatedat 
FROM calculators.calculator_definitions JOIN calculators.specialties ON calculators.specialties.id = calculators.calculator_definitions.specialty_id 
WHERE calculators.calculator_definitions.status = $1::VARCHAR AND calculators.specialties.slug = $2::VARCHAR ORDER BY calculators.calculator_definitions.name
2026-07-01 16:09:49,301 INFO sqlalchemy.engine.Engine [generated in 0.00115s] ('active', 'cardiologia')
2026-07-01 16:09:49,723 INFO sqlalchemy.engine.Engine SELECT calculators.specialties.id AS calculators_specialties_id, calculators.specialties.name AS calculators_specialties_name, calculators.specialties.slug AS calculators_specialties_slug, calculators.specialties.createdat AS calculators_specialties_createdat, calculators.specialties.updatedat AS calculators_specialties_updatedat 
FROM calculators.specialties 
WHERE calculators.specialties.id IN ($1::UUID)
2026-07-01 16:09:49,727 INFO sqlalchemy.engine.Engine [generated in 0.00405s] (UUID('caa8eb9c-a116-42e5-bcb1-15250a3878e3'),)
2026-07-01 16:09:50,143 INFO sqlalchemy.engine.Engine COMMIT
INFO:     127.0.0.1:52890 - "GET /api/v1/calculators?specialty=cardiologia HTTP/1.1" 200 OK
2026-07-01 16:10:49,611 INFO sqlalchemy.engine.Engine BEGIN (implicit)
2026-07-01 16:10:49,612 INFO sqlalchemy.engine.Engine SELECT users.id, users.phone_number, users.company_id, users.email, users.name, users.crm, users.crm_state, users.role, users.med_status, users.specialty, users.enrollment_date, users.onboarding_complete, users.status, users.legacy_user_id, users.createdat, users.updatedat 
FROM users 
WHERE users.id = $1::UUID AND users.status = true
2026-07-01 16:10:49,612 INFO sqlalchemy.engine.Engine [cached since 62.74s ago] (UUID('a66a14cb-7996-4f26-b203-be08028ab8b4'),)
2026-07-01 16:10:50,074 INFO sqlalchemy.engine.Engine SELECT calculators.calculator_definitions.id, calculators.calculator_definitions.specialty_id, calculators.calculator_definitions.slug, calculators.calculator_definitions.name, calculators.calculator_definitions.description, calculators.calculator_definitions.engine_type, calculators.calculator_definitions.status, calculators.calculator_definitions.createdat, calculators.calculator_definitions.updatedat 
FROM calculators.calculator_definitions 
WHERE calculators.calculator_definitions.status = $1::VARCHAR ORDER BY calculators.calculator_definitions.name
2026-07-01 16:10:50,075 INFO sqlalchemy.engine.Engine [generated in 0.00035s] ('active',)
2026-07-01 16:10:50,489 INFO sqlalchemy.engine.Engine SELECT calculators.specialties.id AS calculators_specialties_id, calculators.specialties.name AS calculators_specialties_name, calculators.specialties.slug AS calculators_specialties_slug, calculators.specialties.createdat AS calculators_specialties_createdat, calculators.specialties.updatedat AS calculators_specialties_updatedat 
FROM calculators.specialties 
WHERE calculators.specialties.id IN ($1::UUID, $2::UUID, $3::UUID)
2026-07-01 16:10:50,492 INFO sqlalchemy.engine.Engine [cached since 60.77s ago] (UUID('7179f676-5035-46f2-bee7-5b52124c79de'), UUID('caa8eb9c-a116-42e5-bcb1-15250a3878e3'), UUID('e1486ad3-b97b-435b-ac2c-8ebfd8f378ba'))
2026-07-01 16:10:50,904 INFO sqlalchemy.engine.Engine COMMIT
INFO:     127.0.0.1:50499 - "GET /api/v1/calculators HTTP/1.1" 200 OK
2026-07-01 16:11:27,236 INFO sqlalchemy.engine.Engine BEGIN (implicit)
2026-07-01 16:11:27,237 INFO sqlalchemy.engine.Engine SELECT users.id, users.phone_number, users.company_id, users.email, users.name, users.crm, users.crm_state, users.role, users.med_status, users.specialty, users.enrollment_date, users.onboarding_complete, users.status, users.legacy_user_id, users.createdat, users.updatedat 
FROM users 
WHERE users.id = $1::UUID AND users.status = true
2026-07-01 16:11:27,237 INFO sqlalchemy.engine.Engine [cached since 100.4s ago] (UUID('a66a14cb-7996-4f26-b203-be08028ab8b4'),)
2026-07-01 16:11:27,655 INFO sqlalchemy.engine.Engine COMMIT
INFO:     127.0.0.1:59677 - "GET /api/v1/auth/me HTTP/1.1" 200 OK
2026-07-01 16:11:28,795 INFO sqlalchemy.engine.Engine BEGIN (implicit)
2026-07-01 16:11:28,795 INFO sqlalchemy.engine.Engine SELECT users.id, users.phone_number, users.company_id, users.email, users.name, users.crm, users.crm_state, users.role, users.med_status, users.specialty, users.enrollment_date, users.onboarding_complete, users.status, users.legacy_user_id, users.createdat, users.updatedat 
FROM users 
WHERE users.id = $1::UUID AND users.status = true
2026-07-01 16:11:28,796 INFO sqlalchemy.engine.Engine [cached since 101.9s ago] (UUID('a66a14cb-7996-4f26-b203-be08028ab8b4'),)
2026-07-01 16:11:29,219 INFO sqlalchemy.engine.Engine SELECT calculators.calculator_definitions.id, calculators.calculator_definitions.specialty_id, calculators.calculator_definitions.slug, calculators.calculator_definitions.name, calculators.calculator_definitions.description, calculators.calculator_definitions.engine_type, calculators.calculator_definitions.status, calculators.calculator_definitions.createdat, calculators.calculator_definitions.updatedat 
FROM calculators.calculator_definitions 
WHERE calculators.calculator_definitions.status = $1::VARCHAR ORDER BY calculators.calculator_definitions.name
2026-07-01 16:11:29,223 INFO sqlalchemy.engine.Engine [cached since 39.15s ago] ('active',)
2026-07-01 16:11:29,426 INFO sqlalchemy.engine.Engine SELECT calculators.specialties.id AS calculators_specialties_id, calculators.specialties.name AS calculators_specialties_name, calculators.specialties.slug AS calculators_specialties_slug, calculators.specialties.createdat AS calculators_specialties_createdat, calculators.specialties.updatedat AS calculators_specialties_updatedat 
FROM calculators.specialties 
WHERE calculators.specialties.id IN ($1::UUID, $2::UUID, $3::UUID)
2026-07-01 16:11:29,427 INFO sqlalchemy.engine.Engine [cached since 99.7s ago] (UUID('7179f676-5035-46f2-bee7-5b52124c79de'), UUID('caa8eb9c-a116-42e5-bcb1-15250a3878e3'), UUID('e1486ad3-b97b-435b-ac2c-8ebfd8f378ba'))
2026-07-01 16:11:29,637 INFO sqlalchemy.engine.Engine COMMIT
INFO:     127.0.0.1:59679 - "GET /api/v1/calculators HTTP/1.1" 200 OK
2026-07-01 16:11:38,142 INFO sqlalchemy.engine.Engine BEGIN (implicit)
2026-07-01 16:11:38,144 INFO sqlalchemy.engine.Engine SELECT users.id, users.phone_number, users.company_id, users.email, users.name, users.crm, users.crm_state, users.role, users.med_status, users.specialty, users.enrollment_date, users.onboarding_complete, users.status, users.legacy_user_id, users.createdat, users.updatedat 
FROM users 
WHERE users.id = $1::UUID AND users.status = true
2026-07-01 16:11:38,144 INFO sqlalchemy.engine.Engine [cached since 111.3s ago] (UUID('a66a14cb-7996-4f26-b203-be08028ab8b4'),)
2026-07-01 16:11:38,575 INFO sqlalchemy.engine.Engine SELECT calculators.calculator_definitions.id, calculators.calculator_definitions.specialty_id, calculators.calculator_definitions.slug, calculators.calculator_definitions.name, calculators.calculator_definitions.description, calculators.calculator_definitions.engine_type, calculators.calculator_definitions.status, calculators.calculator_definitions.createdat, calculators.calculator_definitions.updatedat 
FROM calculators.calculator_definitions 
WHERE calculators.calculator_definitions.slug = $1::VARCHAR AND calculators.calculator_definitions.status = $2::VARCHAR
2026-07-01 16:11:38,578 INFO sqlalchemy.engine.Engine [generated in 0.00359s] ('cockcroft_gault', 'active')
2026-07-01 16:11:39,002 INFO sqlalchemy.engine.Engine SELECT calculators.specialties.id AS calculators_specialties_id, calculators.specialties.name AS calculators_specialties_name, calculators.specialties.slug AS calculators_specialties_slug, calculators.specialties.createdat AS calculators_specialties_createdat, calculators.specialties.updatedat AS calculators_specialties_updatedat 
FROM calculators.specialties 
WHERE calculators.specialties.id IN ($1::UUID)
2026-07-01 16:11:39,003 INFO sqlalchemy.engine.Engine [generated in 0.00103s] (UUID('e1486ad3-b97b-435b-ac2c-8ebfd8f378ba'),)
2026-07-01 16:11:39,213 INFO sqlalchemy.engine.Engine SELECT calculators.calculator_fields.calculator_id AS calculators_calculator_fields_calculator_id, calculators.calculator_fields.id AS calculators_calculator_fields_id, calculators.calculator_fields.key AS calculators_calculator_fields_key, calculators.calculator_fields.label AS calculators_calculator_fields_label, calculators.calculator_fields.field_type AS calculators_calculator_fields_field_type, calculators.calculator_fields.unit AS calculators_calculator_fields_unit, calculators.calculator_fields.required AS calculators_calculator_fields_required, calculators.calculator_fields.min_value AS calculators_calculator_fields_min_value, calculators.calculator_fields.max_value AS calculators_calculator_fields_max_value, calculators.calculator_fields.options AS calculators_calculator_fields_options, calculators.calculator_fields.display_order AS calculators_calculator_fields_display_order, calculators.calculator_fields.createdat AS calculators_calculator_fields_createdat, calculators.calculator_fields.updatedat AS calculators_calculator_fields_updatedat 
FROM calculators.calculator_fields 
WHERE calculators.calculator_fields.calculator_id IN ($1::UUID)
2026-07-01 16:11:39,214 INFO sqlalchemy.engine.Engine [generated in 0.00111s] (UUID('15fc23a8-a20c-483d-900e-a9ef6d64a901'),)
2026-07-01 16:11:39,626 INFO sqlalchemy.engine.Engine COMMIT
INFO:     127.0.0.1:53022 - "GET /api/v1/calculators/cockcroft_gault HTTP/1.1" 200 OK
2026-07-01 16:17:03,620 INFO sqlalchemy.engine.Engine BEGIN (implicit)
2026-07-01 16:17:03,623 INFO sqlalchemy.engine.Engine SELECT users.id, users.phone_number, users.company_id, users.email, users.name, users.crm, users.crm_state, users.role, users.med_status, users.specialty, users.enrollment_date, users.onboarding_complete, users.status, users.legacy_user_id, users.createdat, users.updatedat 
FROM users 
WHERE users.id = $1::UUID AND users.status = true
2026-07-01 16:17:03,624 INFO sqlalchemy.engine.Engine [cached since 436.8s ago] (UUID('a66a14cb-7996-4f26-b203-be08028ab8b4'),)
2026-07-01 16:17:04,037 INFO sqlalchemy.engine.Engine COMMIT
INFO:     127.0.0.1:63072 - "GET /api/v1/auth/me HTTP/1.1" 200 OK
2026-07-01 16:17:04,869 INFO sqlalchemy.engine.Engine BEGIN (implicit)
2026-07-01 16:17:04,873 INFO sqlalchemy.engine.Engine SELECT users.id, users.phone_number, users.company_id, users.email, users.name, users.crm, users.crm_state, users.role, users.med_status, users.specialty, users.enrollment_date, users.onboarding_complete, users.status, users.legacy_user_id, users.createdat, users.updatedat 
FROM users 
WHERE users.id = $1::UUID AND users.status = true
2026-07-01 16:17:04,873 INFO sqlalchemy.engine.Engine [cached since 438s ago] (UUID('a66a14cb-7996-4f26-b203-be08028ab8b4'),)
2026-07-01 16:17:05,288 INFO sqlalchemy.engine.Engine COMMIT
INFO:     127.0.0.1:60090 - "GET /api/v1/auth/me HTTP/1.1" 200 OK
2026-07-01 16:17:07,305 INFO sqlalchemy.engine.Engine BEGIN (implicit)
2026-07-01 16:17:07,309 INFO sqlalchemy.engine.Engine SELECT users.id, users.phone_number, users.company_id, users.email, users.name, users.crm, users.crm_state, users.role, users.med_status, users.specialty, users.enrollment_date, users.onboarding_complete, users.status, users.legacy_user_id, users.createdat, users.updatedat 
FROM users 
WHERE users.id = $1::UUID AND users.status = true
2026-07-01 16:17:07,310 INFO sqlalchemy.engine.Engine [cached since 440.4s ago] (UUID('a66a14cb-7996-4f26-b203-be08028ab8b4'),)
2026-07-01 16:17:08,140 INFO sqlalchemy.engine.Engine SELECT calculators.calculator_definitions.id, calculators.calculator_definitions.specialty_id, calculators.calculator_definitions.slug, calculators.calculator_definitions.name, calculators.calculator_definitions.description, calculators.calculator_definitions.engine_type, calculators.calculator_definitions.status, calculators.calculator_definitions.createdat, calculators.calculator_definitions.updatedat 
FROM calculators.calculator_definitions 
WHERE calculators.calculator_definitions.status = $1::VARCHAR ORDER BY calculators.calculator_definitions.name
2026-07-01 16:17:08,144 INFO sqlalchemy.engine.Engine [cached since 378.1s ago] ('active',)
2026-07-01 16:17:08,568 INFO sqlalchemy.engine.Engine SELECT calculators.specialties.id AS calculators_specialties_id, calculators.specialties.name AS calculators_specialties_name, calculators.specialties.slug AS calculators_specialties_slug, calculators.specialties.createdat AS calculators_specialties_createdat, calculators.specialties.updatedat AS calculators_specialties_updatedat 
FROM calculators.specialties 
WHERE calculators.specialties.id IN ($1::UUID, $2::UUID, $3::UUID)
2026-07-01 16:17:08,571 INFO sqlalchemy.engine.Engine [cached since 438.8s ago] (UUID('7179f676-5035-46f2-bee7-5b52124c79de'), UUID('caa8eb9c-a116-42e5-bcb1-15250a3878e3'), UUID('e1486ad3-b97b-435b-ac2c-8ebfd8f378ba'))
2026-07-01 16:17:08,987 INFO sqlalchemy.engine.Engine COMMIT
INFO:     127.0.0.1:60092 - "GET /api/v1/calculators HTTP/1.1" 200 OK
2026-07-01 16:17:09,833 INFO sqlalchemy.engine.Engine BEGIN (implicit)
2026-07-01 16:17:09,837 INFO sqlalchemy.engine.Engine SELECT users.id, users.phone_number, users.company_id, users.email, users.name, users.crm, users.crm_state, users.role, users.med_status, users.specialty, users.enrollment_date, users.onboarding_complete, users.status, users.legacy_user_id, users.createdat, users.updatedat 
FROM users 
WHERE users.id = $1::UUID AND users.status = true
2026-07-01 16:17:09,838 INFO sqlalchemy.engine.Engine [cached since 443s ago] (UUID('a66a14cb-7996-4f26-b203-be08028ab8b4'),)
2026-07-01 16:17:10,258 INFO sqlalchemy.engine.Engine SELECT calculators.calculator_definitions.id, calculators.calculator_definitions.specialty_id, calculators.calculator_definitions.slug, calculators.calculator_definitions.name, calculators.calculator_definitions.description, calculators.calculator_definitions.engine_type, calculators.calculator_definitions.status, calculators.calculator_definitions.createdat, calculators.calculator_definitions.updatedat 
FROM calculators.calculator_definitions 
WHERE calculators.calculator_definitions.status = $1::VARCHAR ORDER BY calculators.calculator_definitions.name
2026-07-01 16:17:10,261 INFO sqlalchemy.engine.Engine [cached since 380.2s ago] ('active',)
2026-07-01 16:17:10,468 INFO sqlalchemy.engine.Engine SELECT calculators.specialties.id AS calculators_specialties_id, calculators.specialties.name AS calculators_specialties_name, calculators.specialties.slug AS calculators_specialties_slug, calculators.specialties.createdat AS calculators_specialties_createdat, calculators.specialties.updatedat AS calculators_specialties_updatedat 
FROM calculators.specialties 
WHERE calculators.specialties.id IN ($1::UUID, $2::UUID, $3::UUID)
2026-07-01 16:17:10,471 INFO sqlalchemy.engine.Engine [cached since 440.7s ago] (UUID('7179f676-5035-46f2-bee7-5b52124c79de'), UUID('caa8eb9c-a116-42e5-bcb1-15250a3878e3'), UUID('e1486ad3-b97b-435b-ac2c-8ebfd8f378ba'))
2026-07-01 16:17:10,678 INFO sqlalchemy.engine.Engine COMMIT
INFO:     127.0.0.1:56474 - "GET /api/v1/calculators HTTP/1.1" 200 OK
2026-07-01 16:17:13,033 INFO sqlalchemy.engine.Engine BEGIN (implicit)
2026-07-01 16:17:13,037 INFO sqlalchemy.engine.Engine SELECT users.id, users.phone_number, users.company_id, users.email, users.name, users.crm, users.crm_state, users.role, users.med_status, users.specialty, users.enrollment_date, users.onboarding_complete, users.status, users.legacy_user_id, users.createdat, users.updatedat 
FROM users 
WHERE users.id = $1::UUID AND users.status = true
2026-07-01 16:17:13,037 INFO sqlalchemy.engine.Engine [cached since 446.2s ago] (UUID('a66a14cb-7996-4f26-b203-be08028ab8b4'),)
2026-07-01 16:17:13,448 INFO sqlalchemy.engine.Engine SELECT calculators.calculator_definitions.id, calculators.calculator_definitions.specialty_id, calculators.calculator_definitions.slug, calculators.calculator_definitions.name, calculators.calculator_definitions.description, calculators.calculator_definitions.engine_type, calculators.calculator_definitions.status, calculators.calculator_definitions.createdat, calculators.calculator_definitions.updatedat 
FROM calculators.calculator_definitions 
WHERE calculators.calculator_definitions.slug = $1::VARCHAR AND calculators.calculator_definitions.status = $2::VARCHAR
2026-07-01 16:17:13,449 INFO sqlalchemy.engine.Engine [cached since 334.9s ago] ('risco_cv_sbc2025', 'active')
2026-07-01 16:17:13,874 INFO sqlalchemy.engine.Engine SELECT calculators.specialties.id AS calculators_specialties_id, calculators.specialties.name AS calculators_specialties_name, calculators.specialties.slug AS calculators_specialties_slug, calculators.specialties.createdat AS calculators_specialties_createdat, calculators.specialties.updatedat AS calculators_specialties_updatedat 
FROM calculators.specialties 
WHERE calculators.specialties.id IN ($1::UUID)
2026-07-01 16:17:13,877 INFO sqlalchemy.engine.Engine [cached since 334.9s ago] (UUID('caa8eb9c-a116-42e5-bcb1-15250a3878e3'),)
2026-07-01 16:17:14,297 INFO sqlalchemy.engine.Engine SELECT calculators.calculator_fields.calculator_id AS calculators_calculator_fields_calculator_id, calculators.calculator_fields.id AS calculators_calculator_fields_id, calculators.calculator_fields.key AS calculators_calculator_fields_key, calculators.calculator_fields.label AS calculators_calculator_fields_label, calculators.calculator_fields.field_type AS calculators_calculator_fields_field_type, calculators.calculator_fields.unit AS calculators_calculator_fields_unit, calculators.calculator_fields.required AS calculators_calculator_fields_required, calculators.calculator_fields.min_value AS calculators_calculator_fields_min_value, calculators.calculator_fields.max_value AS calculators_calculator_fields_max_value, calculators.calculator_fields.options AS calculators_calculator_fields_options, calculators.calculator_fields.display_order AS calculators_calculator_fields_display_order, calculators.calculator_fields.createdat AS calculators_calculator_fields_createdat, calculators.calculator_fields.updatedat AS calculators_calculator_fields_updatedat 
FROM calculators.calculator_fields 
WHERE calculators.calculator_fields.calculator_id IN ($1::UUID)
2026-07-01 16:17:14,298 INFO sqlalchemy.engine.Engine [cached since 335.1s ago] (UUID('955770a4-8798-413d-8fef-190d4c29aa12'),)
2026-07-01 16:17:14,721 INFO sqlalchemy.engine.Engine COMMIT
INFO:     127.0.0.1:58903 - "GET /api/v1/calculators/risco_cv_sbc2025 HTTP/1.1" 200 OK
2026-07-01 16:17:19,967 INFO sqlalchemy.engine.Engine BEGIN (implicit)
2026-07-01 16:17:19,969 INFO sqlalchemy.engine.Engine SELECT users.id, users.phone_number, users.company_id, users.email, users.name, users.crm, users.crm_state, users.role, users.med_status, users.specialty, users.enrollment_date, users.onboarding_complete, users.status, users.legacy_user_id, users.createdat, users.updatedat 
FROM users 
WHERE users.id = $1::UUID AND users.status = true
2026-07-01 16:17:19,970 INFO sqlalchemy.engine.Engine [cached since 453.1s ago] (UUID('a66a14cb-7996-4f26-b203-be08028ab8b4'),)
2026-07-01 16:17:20,384 INFO sqlalchemy.engine.Engine SELECT calculators.calculator_definitions.id, calculators.calculator_definitions.specialty_id, calculators.calculator_definitions.slug, calculators.calculator_definitions.name, calculators.calculator_definitions.description, calculators.calculator_definitions.engine_type, calculators.calculator_definitions.status, calculators.calculator_definitions.createdat, calculators.calculator_definitions.updatedat 
FROM calculators.calculator_definitions 
WHERE calculators.calculator_definitions.slug = $1::VARCHAR AND calculators.calculator_definitions.status = $2::VARCHAR
2026-07-01 16:17:20,387 INFO sqlalchemy.engine.Engine [cached since 341.8s ago] ('cha2ds2vasc_hasbled', 'active')
2026-07-01 16:17:20,593 INFO sqlalchemy.engine.Engine SELECT calculators.specialties.id AS calculators_specialties_id, calculators.specialties.name AS calculators_specialties_name, calculators.specialties.slug AS calculators_specialties_slug, calculators.specialties.createdat AS calculators_specialties_createdat, calculators.specialties.updatedat AS calculators_specialties_updatedat 
FROM calculators.specialties 
WHERE calculators.specialties.id IN ($1::UUID)
2026-07-01 16:17:20,594 INFO sqlalchemy.engine.Engine [cached since 341.6s ago] (UUID('caa8eb9c-a116-42e5-bcb1-15250a3878e3'),)
2026-07-01 16:17:20,805 INFO sqlalchemy.engine.Engine SELECT calculators.calculator_fields.calculator_id AS calculators_calculator_fields_calculator_id, calculators.calculator_fields.id AS calculators_calculator_fields_id, calculators.calculator_fields.key AS calculators_calculator_fields_key, calculators.calculator_fields.label AS calculators_calculator_fields_label, calculators.calculator_fields.field_type AS calculators_calculator_fields_field_type, calculators.calculator_fields.unit AS calculators_calculator_fields_unit, calculators.calculator_fields.required AS calculators_calculator_fields_required, calculators.calculator_fields.min_value AS calculators_calculator_fields_min_value, calculators.calculator_fields.max_value AS calculators_calculator_fields_max_value, calculators.calculator_fields.options AS calculators_calculator_fields_options, calculators.calculator_fields.display_order AS calculators_calculator_fields_display_order, calculators.calculator_fields.createdat AS calculators_calculator_fields_createdat, calculators.calculator_fields.updatedat AS calculators_calculator_fields_updatedat 
FROM calculators.calculator_fields 
WHERE calculators.calculator_fields.calculator_id IN ($1::UUID)
2026-07-01 16:17:20,807 INFO sqlalchemy.engine.Engine [cached since 341.6s ago] (UUID('f9c88209-6e5f-4be5-a6a4-5d4895de2932'),)
2026-07-01 16:17:21,018 INFO sqlalchemy.engine.Engine COMMIT
INFO:     127.0.0.1:51150 - "GET /api/v1/calculators/cha2ds2vasc_hasbled HTTP/1.1" 200 OK
2026-07-01 16:17:29,270 INFO sqlalchemy.engine.Engine BEGIN (implicit)
2026-07-01 16:17:29,273 INFO sqlalchemy.engine.Engine SELECT users.id, users.phone_number, users.company_id, users.email, users.name, users.crm, users.crm_state, users.role, users.med_status, users.specialty, users.enrollment_date, users.onboarding_complete, users.status, users.legacy_user_id, users.createdat, users.updatedat 
FROM users 
WHERE users.id = $1::UUID AND users.status = true
2026-07-01 16:17:29,274 INFO sqlalchemy.engine.Engine [cached since 462.4s ago] (UUID('a66a14cb-7996-4f26-b203-be08028ab8b4'),)
2026-07-01 16:17:29,685 INFO sqlalchemy.engine.Engine SELECT calculators.calculator_definitions.id, calculators.calculator_definitions.specialty_id, calculators.calculator_definitions.slug, calculators.calculator_definitions.name, calculators.calculator_definitions.description, calculators.calculator_definitions.engine_type, calculators.calculator_definitions.status, calculators.calculator_definitions.createdat, calculators.calculator_definitions.updatedat 
FROM calculators.calculator_definitions 
WHERE calculators.calculator_definitions.slug = $1::VARCHAR AND calculators.calculator_definitions.status = $2::VARCHAR
2026-07-01 16:17:29,686 INFO sqlalchemy.engine.Engine [cached since 351.1s ago] ('cockcroft_gault', 'active')
2026-07-01 16:17:29,896 INFO sqlalchemy.engine.Engine SELECT calculators.specialties.id AS calculators_specialties_id, calculators.specialties.name AS calculators_specialties_name, calculators.specialties.slug AS calculators_specialties_slug, calculators.specialties.createdat AS calculators_specialties_createdat, calculators.specialties.updatedat AS calculators_specialties_updatedat 
FROM calculators.specialties 
WHERE calculators.specialties.id IN ($1::UUID)
2026-07-01 16:17:29,900 INFO sqlalchemy.engine.Engine [cached since 350.9s ago] (UUID('e1486ad3-b97b-435b-ac2c-8ebfd8f378ba'),)
2026-07-01 16:17:30,109 INFO sqlalchemy.engine.Engine SELECT calculators.calculator_fields.calculator_id AS calculators_calculator_fields_calculator_id, calculators.calculator_fields.id AS calculators_calculator_fields_id, calculators.calculator_fields.key AS calculators_calculator_fields_key, calculators.calculator_fields.label AS calculators_calculator_fields_label, calculators.calculator_fields.field_type AS calculators_calculator_fields_field_type, calculators.calculator_fields.unit AS calculators_calculator_fields_unit, calculators.calculator_fields.required AS calculators_calculator_fields_required, calculators.calculator_fields.min_value AS calculators_calculator_fields_min_value, calculators.calculator_fields.max_value AS calculators_calculator_fields_max_value, calculators.calculator_fields.options AS calculators_calculator_fields_options, calculators.calculator_fields.display_order AS calculators_calculator_fields_display_order, calculators.calculator_fields.createdat AS calculators_calculator_fields_createdat, calculators.calculator_fields.updatedat AS calculators_calculator_fields_updatedat 
FROM calculators.calculator_fields 
WHERE calculators.calculator_fields.calculator_id IN ($1::UUID)
2026-07-01 16:17:30,111 INFO sqlalchemy.engine.Engine [cached since 350.9s ago] (UUID('15fc23a8-a20c-483d-900e-a9ef6d64a901'),)
2026-07-01 16:17:30,320 INFO sqlalchemy.engine.Engine COMMIT
INFO:     127.0.0.1:59675 - "GET /api/v1/calculators/cockcroft_gault HTTP/1.1" 200 OK
